
> salarios-minimos@0.1.0 build
> next build

Ôû▓ Next.js 16.1.6 (Turbopack)
- Environments: .env

  Creating an optimized production build ...
Ô£ô Compiled successfully in 3.1s
  Running TypeScript ...
node.exe : Failed to compile.
En C:\Program Files\nodejs\npm.ps1: 29 Carácter: 3
+   & $NODE_EXE $NPM_CLI_JS $args
+   ~~~~~~~~~~~~~~~~~~~~~~~~~~~~~
    + CategoryInfo          : NotSpecified: (Failed to compile.:String) [], Re 
   moteException
    + FullyQualifiedErrorId : NativeCommandError
 

./src/lib/auth.ts:50:22
Type error: Property 'id' does not exist on type '{ name?: string | null | 
undefined; email?: string | null | undefined; image?: string | null | 
undefined; }'.

[0m [90m 48 |[39m     [36masync[39m session({ session[33m,[39m token }) 
{
 [90m 49 |[39m       [36mif[39m (session[33m.[39muser) {
[31m[1m>[22m[39m[90m 50 |[39m         
session[33m.[39muser[33m.[39mid [33m=[39m token[33m.[39msub 
[33m||[39m [32m''[39m[33m;[39m
 [90m    |[39m                      [31m[1m^[22m[39m
 [90m 51 |[39m       }
 [90m 52 |[39m       [36mreturn[39m session[33m;[39m
 [90m 53 |[39m     }[33m,[39m[0m
Next.js build worker exited with code: 1 and signal: null
